// Jest Snapshot v1, https://goo.gl/fbAQLP

exports[`App should match snapshot 1`] = `
ShallowWrapper {
  Symbol(enzyme.__root__): [Circular],
  Symbol(enzyme.__unrendered__): <Videoplayer />,
  Symbol(enzyme.__renderer__): Object {
    "batchedUpdates": [Function],
    "getNode": [Function],
    "render": [Function],
    "simulateError": [Function],
    "simulateEvent": [Function],
    "unmount": [Function],
  },
  Symbol(enzyme.__node__): Object {
    "instance": null,
    "key": undefined,
    "nodeType": "host",
    "props": Object {
      "children": Array [
        <div
          className="video-container"
        >
          <video
            autoPlay={true}
            className="video-screen"
            onEnded={[Function]}
            onTimeUpdate={[Function]}
          >
            <source
              src="video.mp4"
              type="video/mp4"
            />
          </video>
        </div>,
        <div
          className="controls"
        >
          <div
            className="control-icon play"
            onClick={[Function]}
          >
            <FontAwesomeIcon
              border={false}
              className="control-icon pause"
              fixedWidth={false}
              flip={null}
              icon="pause"
              inverse={false}
              listItem={false}
              mask={null}
              pull={null}
              pulse={false}
              rotation={null}
              size="2x"
              spin={false}
              symbol={false}
              title=""
              transform={null}
            />
          </div>
          <div
            className="control-icon stop"
            onClick={[Function]}
          >
            <FontAwesomeIcon
              border={false}
              className="stop"
              fixedWidth={false}
              flip={null}
              icon="stop"
              inverse={false}
              listItem={false}
              mask={null}
              pull={null}
              pulse={false}
              rotation={null}
              size="2x"
              spin={false}
              symbol={false}
              title=""
              transform={null}
            />
          </div>
          <div
            className="control-icon rwd"
            onClick={[Function]}
          >
            <FontAwesomeIcon
              border={false}
              className="stop"
              fixedWidth={false}
              flip={null}
              icon="fast-backward"
              inverse={false}
              listItem={false}
              mask={null}
              pull={null}
              pulse={false}
              rotation={null}
              size="2x"
              spin={false}
              symbol={false}
              title=""
              transform={null}
            />
          </div>
          <div
            className="control-icon fwd"
            onClick={[Function]}
          >
            <FontAwesomeIcon
              border={false}
              className="stop"
              fixedWidth={false}
              flip={null}
              icon="fast-forward"
              inverse={false}
              listItem={false}
              mask={null}
              pull={null}
              pulse={false}
              rotation={null}
              size="2x"
              spin={false}
              symbol={false}
              title=""
              transform={null}
            />
          </div>
          <div
            className="timer"
          >
            <div
              style={
                Object {
                  "width": "undefinedpx",
                }
              }
            />
            <span />
          </div>
        </div>,
      ],
      "className": "player",
    },
    "ref": null,
    "rendered": Array [
      Object {
        "instance": null,
        "key": undefined,
        "nodeType": "host",
        "props": Object {
          "children": <video
            autoPlay={true}
            className="video-screen"
            onEnded={[Function]}
            onTimeUpdate={[Function]}
          >
            <source
              src="video.mp4"
              type="video/mp4"
            />
          </video>,
          "className": "video-container",
        },
        "ref": null,
        "rendered": Object {
          "instance": null,
          "key": undefined,
          "nodeType": "host",
          "props": Object {
            "autoPlay": true,
            "children": <source
              src="video.mp4"
              type="video/mp4"
            />,
            "className": "video-screen",
            "onEnded": [Function],
            "onTimeUpdate": [Function],
          },
          "ref": Object {
            "current": null,
          },
          "rendered": Object {
            "instance": null,
            "key": undefined,
            "nodeType": "host",
            "props": Object {
              "src": "video.mp4",
              "type": "video/mp4",
            },
            "ref": null,
            "rendered": null,
            "type": "source",
          },
          "type": "video",
        },
        "type": "div",
      },
      Object {
        "instance": null,
        "key": undefined,
        "nodeType": "host",
        "props": Object {
          "children": Array [
            <div
              className="control-icon play"
              onClick={[Function]}
            >
              <FontAwesomeIcon
                border={false}
                className="control-icon pause"
                fixedWidth={false}
                flip={null}
                icon="pause"
                inverse={false}
                listItem={false}
                mask={null}
                pull={null}
                pulse={false}
                rotation={null}
                size="2x"
                spin={false}
                symbol={false}
                title=""
                transform={null}
              />
            </div>,
            <div
              className="control-icon stop"
              onClick={[Function]}
            >
              <FontAwesomeIcon
                border={false}
                className="stop"
                fixedWidth={false}
                flip={null}
                icon="stop"
                inverse={false}
                listItem={false}
                mask={null}
                pull={null}
                pulse={false}
                rotation={null}
                size="2x"
                spin={false}
                symbol={false}
                title=""
                transform={null}
              />
            </div>,
            <div
              className="control-icon rwd"
              onClick={[Function]}
            >
              <FontAwesomeIcon
                border={false}
                className="stop"
                fixedWidth={false}
                flip={null}
                icon="fast-backward"
                inverse={false}
                listItem={false}
                mask={null}
                pull={null}
                pulse={false}
                rotation={null}
                size="2x"
                spin={false}
                symbol={false}
                title=""
                transform={null}
              />
            </div>,
            <div
              className="control-icon fwd"
              onClick={[Function]}
            >
              <FontAwesomeIcon
                border={false}
                className="stop"
                fixedWidth={false}
                flip={null}
                icon="fast-forward"
                inverse={false}
                listItem={false}
                mask={null}
                pull={null}
                pulse={false}
                rotation={null}
                size="2x"
                spin={false}
                symbol={false}
                title=""
                transform={null}
              />
            </div>,
            <div
              className="timer"
            >
              <div
                style={
                  Object {
                    "width": "undefinedpx",
                  }
                }
              />
              <span />
            </div>,
          ],
          "className": "controls",
        },
        "ref": null,
        "rendered": Array [
          Object {
            "instance": null,
            "key": undefined,
            "nodeType": "host",
            "props": Object {
              "children": <FontAwesomeIcon
                border={false}
                className="control-icon pause"
                fixedWidth={false}
                flip={null}
                icon="pause"
                inverse={false}
                listItem={false}
                mask={null}
                pull={null}
                pulse={false}
                rotation={null}
                size="2x"
                spin={false}
                symbol={false}
                title=""
                transform={null}
              />,
              "className": "control-icon play",
              "onClick": [Function],
            },
            "ref": null,
            "rendered": Object {
              "instance": null,
              "key": undefined,
              "nodeType": "function",
              "props": Object {
                "border": false,
                "className": "control-icon pause",
                "fixedWidth": false,
                "flip": null,
                "icon": "pause",
                "inverse": false,
                "listItem": false,
                "mask": null,
                "pull": null,
                "pulse": false,
                "rotation": null,
                "size": "2x",
                "spin": false,
                "symbol": false,
                "title": "",
                "transform": null,
              },
              "ref": null,
              "rendered": null,
              "type": [Function],
            },
            "type": "div",
          },
          Object {
            "instance": null,
            "key": undefined,
            "nodeType": "host",
            "props": Object {
              "children": <FontAwesomeIcon
                border={false}
                className="stop"
                fixedWidth={false}
                flip={null}
                icon="stop"
                inverse={false}
                listItem={false}
                mask={null}
                pull={null}
                pulse={false}
                rotation={null}
                size="2x"
                spin={false}
                symbol={false}
                title=""
                transform={null}
              />,
              "className": "control-icon stop",
              "onClick": [Function],
            },
            "ref": null,
            "rendered": Object {
              "instance": null,
              "key": undefined,
              "nodeType": "function",
              "props": Object {
                "border": false,
                "className": "stop",
                "fixedWidth": false,
                "flip": null,
                "icon": "stop",
                "inverse": false,
                "listItem": false,
                "mask": null,
                "pull": null,
                "pulse": false,
                "rotation": null,
                "size": "2x",
                "spin": false,
                "symbol": false,
                "title": "",
                "transform": null,
              },
              "ref": null,
              "rendered": null,
              "type": [Function],
            },
            "type": "div",
          },
          Object {
            "instance": null,
            "key": undefined,
            "nodeType": "host",
            "props": Object {
              "children": <FontAwesomeIcon
                border={false}
                className="stop"
                fixedWidth={false}
                flip={null}
                icon="fast-backward"
                inverse={false}
                listItem={false}
                mask={null}
                pull={null}
                pulse={false}
                rotation={null}
                size="2x"
                spin={false}
                symbol={false}
                title=""
                transform={null}
              />,
              "className": "control-icon rwd",
              "onClick": [Function],
            },
            "ref": Object {
              "current": null,
            },
            "rendered": Object {
              "instance": null,
              "key": undefined,
              "nodeType": "function",
              "props": Object {
                "border": false,
                "className": "stop",
                "fixedWidth": false,
                "flip": null,
                "icon": "fast-backward",
                "inverse": false,
                "listItem": false,
                "mask": null,
                "pull": null,
                "pulse": false,
                "rotation": null,
                "size": "2x",
                "spin": false,
                "symbol": false,
                "title": "",
                "transform": null,
              },
              "ref": null,
              "rendered": null,
              "type": [Function],
            },
            "type": "div",
          },
          Object {
            "instance": null,
            "key": undefined,
            "nodeType": "host",
            "props": Object {
              "children": <FontAwesomeIcon
                border={false}
                className="stop"
                fixedWidth={false}
                flip={null}
                icon="fast-forward"
                inverse={false}
                listItem={false}
                mask={null}
                pull={null}
                pulse={false}
                rotation={null}
                size="2x"
                spin={false}
                symbol={false}
                title=""
                transform={null}
              />,
              "className": "control-icon fwd",
              "onClick": [Function],
            },
            "ref": Object {
              "current": null,
            },
            "rendered": Object {
              "instance": null,
              "key": undefined,
              "nodeType": "function",
              "props": Object {
                "border": false,
                "className": "stop",
                "fixedWidth": false,
                "flip": null,
                "icon": "fast-forward",
                "inverse": false,
                "listItem": false,
                "mask": null,
                "pull": null,
                "pulse": false,
                "rotation": null,
                "size": "2x",
                "spin": false,
                "symbol": false,
                "title": "",
                "transform": null,
              },
              "ref": null,
              "rendered": null,
              "type": [Function],
            },
            "type": "div",
          },
          Object {
            "instance": null,
            "key": undefined,
            "nodeType": "host",
            "props": Object {
              "children": Array [
                <div
                  style={
                    Object {
                      "width": "undefinedpx",
                    }
                  }
                />,
                <span />,
              ],
              "className": "timer",
            },
            "ref": Object {
              "current": null,
            },
            "rendered": Array [
              Object {
                "instance": null,
                "key": undefined,
                "nodeType": "host",
                "props": Object {
                  "style": Object {
                    "width": "undefinedpx",
                  },
                },
                "ref": null,
                "rendered": null,
                "type": "div",
              },
              Object {
                "instance": null,
                "key": undefined,
                "nodeType": "host",
                "props": Object {
                  "children": undefined,
                },
                "ref": null,
                "rendered": null,
                "type": "span",
              },
            ],
            "type": "div",
          },
        ],
        "type": "div",
      },
    ],
    "type": "div",
  },
  Symbol(enzyme.__nodes__): Array [
    Object {
      "instance": null,
      "key": undefined,
      "nodeType": "host",
      "props": Object {
        "children": Array [
          <div
            className="video-container"
          >
            <video
              autoPlay={true}
              className="video-screen"
              onEnded={[Function]}
              onTimeUpdate={[Function]}
            >
              <source
                src="video.mp4"
                type="video/mp4"
              />
            </video>
          </div>,
          <div
            className="controls"
          >
            <div
              className="control-icon play"
              onClick={[Function]}
            >
              <FontAwesomeIcon
                border={false}
                className="control-icon pause"
                fixedWidth={false}
                flip={null}
                icon="pause"
                inverse={false}
                listItem={false}
                mask={null}
                pull={null}
                pulse={false}
                rotation={null}
                size="2x"
                spin={false}
                symbol={false}
                title=""
                transform={null}
              />
            </div>
            <div
              className="control-icon stop"
              onClick={[Function]}
            >
              <FontAwesomeIcon
                border={false}
                className="stop"
                fixedWidth={false}
                flip={null}
                icon="stop"
                inverse={false}
                listItem={false}
                mask={null}
                pull={null}
                pulse={false}
                rotation={null}
                size="2x"
                spin={false}
                symbol={false}
                title=""
                transform={null}
              />
            </div>
            <div
              className="control-icon rwd"
              onClick={[Function]}
            >
              <FontAwesomeIcon
                border={false}
                className="stop"
                fixedWidth={false}
                flip={null}
                icon="fast-backward"
                inverse={false}
                listItem={false}
                mask={null}
                pull={null}
                pulse={false}
                rotation={null}
                size="2x"
                spin={false}
                symbol={false}
                title=""
                transform={null}
              />
            </div>
            <div
              className="control-icon fwd"
              onClick={[Function]}
            >
              <FontAwesomeIcon
                border={false}
                className="stop"
                fixedWidth={false}
                flip={null}
                icon="fast-forward"
                inverse={false}
                listItem={false}
                mask={null}
                pull={null}
                pulse={false}
                rotation={null}
                size="2x"
                spin={false}
                symbol={false}
                title=""
                transform={null}
              />
            </div>
            <div
              className="timer"
            >
              <div
                style={
                  Object {
                    "width": "undefinedpx",
                  }
                }
              />
              <span />
            </div>
          </div>,
        ],
        "className": "player",
      },
      "ref": null,
      "rendered": Array [
        Object {
          "instance": null,
          "key": undefined,
          "nodeType": "host",
          "props": Object {
            "children": <video
              autoPlay={true}
              className="video-screen"
              onEnded={[Function]}
              onTimeUpdate={[Function]}
            >
              <source
                src="video.mp4"
                type="video/mp4"
              />
            </video>,
            "className": "video-container",
          },
          "ref": null,
          "rendered": Object {
            "instance": null,
            "key": undefined,
            "nodeType": "host",
            "props": Object {
              "autoPlay": true,
              "children": <source
                src="video.mp4"
                type="video/mp4"
              />,
              "className": "video-screen",
              "onEnded": [Function],
              "onTimeUpdate": [Function],
            },
            "ref": Object {
              "current": null,
            },
            "rendered": Object {
              "instance": null,
              "key": undefined,
              "nodeType": "host",
              "props": Object {
                "src": "video.mp4",
                "type": "video/mp4",
              },
              "ref": null,
              "rendered": null,
              "type": "source",
            },
            "type": "video",
          },
          "type": "div",
        },
        Object {
          "instance": null,
          "key": undefined,
          "nodeType": "host",
          "props": Object {
            "children": Array [
              <div
                className="control-icon play"
                onClick={[Function]}
              >
                <FontAwesomeIcon
                  border={false}
                  className="control-icon pause"
                  fixedWidth={false}
                  flip={null}
                  icon="pause"
                  inverse={false}
                  listItem={false}
                  mask={null}
                  pull={null}
                  pulse={false}
                  rotation={null}
                  size="2x"
                  spin={false}
                  symbol={false}
                  title=""
                  transform={null}
                />
              </div>,
              <div
                className="control-icon stop"
                onClick={[Function]}
              >
                <FontAwesomeIcon
                  border={false}
                  className="stop"
                  fixedWidth={false}
                  flip={null}
                  icon="stop"
                  inverse={false}
                  listItem={false}
                  mask={null}
                  pull={null}
                  pulse={false}
                  rotation={null}
                  size="2x"
                  spin={false}
                  symbol={false}
                  title=""
                  transform={null}
                />
              </div>,
              <div
                className="control-icon rwd"
                onClick={[Function]}
              >
                <FontAwesomeIcon
                  border={false}
                  className="stop"
                  fixedWidth={false}
                  flip={null}
                  icon="fast-backward"
                  inverse={false}
                  listItem={false}
                  mask={null}
                  pull={null}
                  pulse={false}
                  rotation={null}
                  size="2x"
                  spin={false}
                  symbol={false}
                  title=""
                  transform={null}
                />
              </div>,
              <div
                className="control-icon fwd"
                onClick={[Function]}
              >
                <FontAwesomeIcon
                  border={false}
                  className="stop"
                  fixedWidth={false}
                  flip={null}
                  icon="fast-forward"
                  inverse={false}
                  listItem={false}
                  mask={null}
                  pull={null}
                  pulse={false}
                  rotation={null}
                  size="2x"
                  spin={false}
                  symbol={false}
                  title=""
                  transform={null}
                />
              </div>,
              <div
                className="timer"
              >
                <div
                  style={
                    Object {
                      "width": "undefinedpx",
                    }
                  }
                />
                <span />
              </div>,
            ],
            "className": "controls",
          },
          "ref": null,
          "rendered": Array [
            Object {
              "instance": null,
              "key": undefined,
              "nodeType": "host",
              "props": Object {
                "children": <FontAwesomeIcon
                  border={false}
                  className="control-icon pause"
                  fixedWidth={false}
                  flip={null}
                  icon="pause"
                  inverse={false}
                  listItem={false}
                  mask={null}
                  pull={null}
                  pulse={false}
                  rotation={null}
                  size="2x"
                  spin={false}
                  symbol={false}
                  title=""
                  transform={null}
                />,
                "className": "control-icon play",
                "onClick": [Function],
              },
              "ref": null,
              "rendered": Object {
                "instance": null,
                "key": undefined,
                "nodeType": "function",
                "props": Object {
                  "border": false,
                  "className": "control-icon pause",
                  "fixedWidth": false,
                  "flip": null,
                  "icon": "pause",
                  "inverse": false,
                  "listItem": false,
                  "mask": null,
                  "pull": null,
                  "pulse": false,
                  "rotation": null,
                  "size": "2x",
                  "spin": false,
                  "symbol": false,
                  "title": "",
                  "transform": null,
                },
                "ref": null,
                "rendered": null,
                "type": [Function],
              },
              "type": "div",
            },
            Object {
              "instance": null,
              "key": undefined,
              "nodeType": "host",
              "props": Object {
                "children": <FontAwesomeIcon
                  border={false}
                  className="stop"
                  fixedWidth={false}
                  flip={null}
                  icon="stop"
                  inverse={false}
                  listItem={false}
                  mask={null}
                  pull={null}
                  pulse={false}
                  rotation={null}
                  size="2x"
                  spin={false}
                  symbol={false}
                  title=""
                  transform={null}
                />,
                "className": "control-icon stop",
                "onClick": [Function],
              },
              "ref": null,
              "rendered": Object {
                "instance": null,
                "key": undefined,
                "nodeType": "function",
                "props": Object {
                  "border": false,
                  "className": "stop",
                  "fixedWidth": false,
                  "flip": null,
                  "icon": "stop",
                  "inverse": false,
                  "listItem": false,
                  "mask": null,
                  "pull": null,
                  "pulse": false,
                  "rotation": null,
                  "size": "2x",
                  "spin": false,
                  "symbol": false,
                  "title": "",
                  "transform": null,
                },
                "ref": null,
                "rendered": null,
                "type": [Function],
              },
              "type": "div",
            },
            Object {
              "instance": null,
              "key": undefined,
              "nodeType": "host",
              "props": Object {
                "children": <FontAwesomeIcon
                  border={false}
                  className="stop"
                  fixedWidth={false}
                  flip={null}
                  icon="fast-backward"
                  inverse={false}
                  listItem={false}
                  mask={null}
                  pull={null}
                  pulse={false}
                  rotation={null}
                  size="2x"
                  spin={false}
                  symbol={false}
                  title=""
                  transform={null}
                />,
                "className": "control-icon rwd",
                "onClick": [Function],
              },
              "ref": Object {
                "current": null,
              },
              "rendered": Object {
                "instance": null,
                "key": undefined,
                "nodeType": "function",
                "props": Object {
                  "border": false,
                  "className": "stop",
                  "fixedWidth": false,
                  "flip": null,
                  "icon": "fast-backward",
                  "inverse": false,
                  "listItem": false,
                  "mask": null,
                  "pull": null,
                  "pulse": false,
                  "rotation": null,
                  "size": "2x",
                  "spin": false,
                  "symbol": false,
                  "title": "",
                  "transform": null,
                },
                "ref": null,
                "rendered": null,
                "type": [Function],
              },
              "type": "div",
            },
            Object {
              "instance": null,
              "key": undefined,
              "nodeType": "host",
              "props": Object {
                "children": <FontAwesomeIcon
                  border={false}
                  className="stop"
                  fixedWidth={false}
                  flip={null}
                  icon="fast-forward"
                  inverse={false}
                  listItem={false}
                  mask={null}
                  pull={null}
                  pulse={false}
                  rotation={null}
                  size="2x"
                  spin={false}
                  symbol={false}
                  title=""
                  transform={null}
                />,
                "className": "control-icon fwd",
                "onClick": [Function],
              },
              "ref": Object {
                "current": null,
              },
              "rendered": Object {
                "instance": null,
                "key": undefined,
                "nodeType": "function",
                "props": Object {
                  "border": false,
                  "className": "stop",
                  "fixedWidth": false,
                  "flip": null,
                  "icon": "fast-forward",
                  "inverse": false,
                  "listItem": false,
                  "mask": null,
                  "pull": null,
                  "pulse": false,
                  "rotation": null,
                  "size": "2x",
                  "spin": false,
                  "symbol": false,
                  "title": "",
                  "transform": null,
                },
                "ref": null,
                "rendered": null,
                "type": [Function],
              },
              "type": "div",
            },
            Object {
              "instance": null,
              "key": undefined,
              "nodeType": "host",
              "props": Object {
                "children": Array [
                  <div
                    style={
                      Object {
                        "width": "undefinedpx",
                      }
                    }
                  />,
                  <span />,
                ],
                "className": "timer",
              },
              "ref": Object {
                "current": null,
              },
              "rendered": Array [
                Object {
                  "instance": null,
                  "key": undefined,
                  "nodeType": "host",
                  "props": Object {
                    "style": Object {
                      "width": "undefinedpx",
                    },
                  },
                  "ref": null,
                  "rendered": null,
                  "type": "div",
                },
                Object {
                  "instance": null,
                  "key": undefined,
                  "nodeType": "host",
                  "props": Object {
                    "children": undefined,
                  },
                  "ref": null,
                  "rendered": null,
                  "type": "span",
                },
              ],
              "type": "div",
            },
          ],
          "type": "div",
        },
      ],
      "type": "div",
    },
  ],
  Symbol(enzyme.__options__): Object {
    "adapter": ReactSixteenAdapter {
      "options": Object {
        "enableComponentDidUpdateOnSetState": true,
        "lifecycles": Object {
          "componentDidUpdate": Object {
            "onSetState": true,
          },
          "getDerivedStateFromProps": true,
          "getSnapshotBeforeUpdate": true,
          "setState": Object {
            "skipsComponentDidUpdateOnNullish": true,
          },
        },
      },
    },
  },
}
`;
